../Core/Src/main.c:86:5:main	128	static
../Core/Src/main.c:186:6:SystemClock_Config	88	static
../Core/Src/main.c:232:13:MX_I2C1_Init	8	static
../Core/Src/main.c:266:13:MX_I2C2_Init	8	static
../Core/Src/main.c:300:13:MX_SPI1_Init	8	static
../Core/Src/main.c:338:13:MX_TIM3_Init	64	static
../Core/Src/main.c:409:13:MX_TIM8_Init	96	static
../Core/Src/main.c:488:13:MX_USART1_UART_Init	8	static
../Core/Src/main.c:521:13:MX_USART2_UART_Init	8	static
../Core/Src/main.c:554:13:MX_GPIO_Init	48	static
../Core/Src/main.c:584:6:Error_Handler	4	static,ignoring_inline_asm
