../Core/Src/main.c:84:5:main	128	static
../Core/Src/main.c:185:6:SystemClock_Config	88	static
../Core/Src/main.c:231:13:MX_I2C1_Init	8	static
../Core/Src/main.c:265:13:MX_I2C2_Init	8	static
../Core/Src/main.c:299:13:MX_SPI1_Init	8	static
../Core/Src/main.c:337:13:MX_TIM3_Init	64	static
../Core/Src/main.c:408:13:MX_TIM8_Init	96	static
../Core/Src/main.c:487:13:MX_USART1_UART_Init	8	static
../Core/Src/main.c:520:13:MX_USART2_UART_Init	8	static
../Core/Src/main.c:553:13:MX_GPIO_Init	48	static
../Core/Src/main.c:583:6:Error_Handler	4	static,ignoring_inline_asm
